Microchip MPLAB XC8 Compiler V2.32

Linker command line:

-W-3 --edf=C:\Program Files\Microchip\xc8\v2.32\pic\dat\en_msgs.txt -cn \
  -h+dist/default/production\SEEV_OLED_V1.X.production.sym \
  --cmf=dist/default/production\SEEV_OLED_V1.X.production.cmf -z -Q18F26K80 \
  -oC:\Users\D1NG0\AppData\Local\Temp\xcAsbn0.4 --defsym=__MPLAB_BUILD=1 \
  -Mdist/default/production/SEEV_OLED_V1.X.production.map -E1 \
  -ver=XC8 Compiler --acfsm=1493 -ASTACK=060h-0E40h -pstack=STACK \
  -ACODE=00h-0FFFFh -ACONST=00h-0FFFFh -ASMALLCONST=0F00h-0FFFhx241 \
  -AMEDIUMCONST=0F00h-0FFFFh -ACOMRAM=01h-05Fh -AABS1=00h-0E40h \
  -ABIGRAM=01h-0E40h -ARAM=060h-0FFh,0100h-01FFhx13,0E00h-0E40h \
  -ABANK0=060h-0FFh -ABANK1=0100h-01FFh -ABANK2=0200h-02FFh \
  -ABANK3=0300h-03FFh -ABANK4=0400h-04FFh -ABANK5=0500h-05FFh \
  -ABANK6=0600h-06FFh -ABANK7=0700h-07FFh -ABANK8=0800h-08FFh \
  -ABANK9=0900h-09FFh -ABANK10=0A00h-0AFFh -ABANK11=0B00h-0BFFh \
  -ABANK12=0C00h-0CFFh -ABANK13=0D00h-0DFFh -ABANK14=0E00h-0E40h \
  -ASFR=0E41h-0EFFh,0F00h-0F5Fh,0F60h-0FFFh -ACONFIG=0300000h-030000Dh \
  -AIDLOC=0200000h-0200007h -AEEDATA=0F00000h-0F003FFh -peeprom_data=EEDATA \
  -preset_vec=00h,intcode,intcodelo,powerup,init -pramtop=0F00h \
  -psmallconst=SMALLCONST -pmediumconst=MEDIUMCONST -pconst=CONST \
  -AFARRAM=00h-00h \
  -prdata=COMRAM,nvrram=COMRAM,nvbit=COMRAM,rbss=COMRAM,rbit=COMRAM \
  -pfarbss=FARRAM,fardata=FARRAM,nvFARRAM=FARRAM \
  -pintsave_regs=BIGRAM,bigbss=BIGRAM,bigdata=BIGRAM -pbss=RAM \
  -pidata=CODE,irdata=CODE,ibigdata=CODE,ifardata=CODE -prparam=COMRAM \
  C:\Users\D1NG0\AppData\Local\Temp\xcAsbn0.o \
  dist/default/production\SEEV_OLED_V1.X.production.o 

Object code version is 3.11

Machine type is 18F26K80



                Name                               Link     Load   Length Selector   Space Scale
C:\Users\D1NG0\AppData\Local\Temp\xcAsbn0.o
                idloc                            200000   200000        8        0       5
                config                           300000   300000        E        0       4
                init                                  0        0        4        0       0
dist/default/production\SEEV_OLED_V1.X.production.o
                idloc                            200000   200000        8        0       5
                config                           300000   300000        E        0       4
                mediumconst                        FDF6     FDF6      20A     7EFB       0
                text60                             F4A2     F4A2        4     7A51       0
                text59                             F4A6     F4A6        4     7A53       0
                text58                             F4AA     F4AA        4     7A55       0
                text57                             F6DE     F6DE       2A     7B6F       0
                text56                             F4AE     F4AE        4     7A57       0
                text55                             F4B2     F4B2        4     7A59       0
                text54                             F4B6     F4B6        4     7A5B       0
                text53                             F62E     F62E       22     7B17       0
                text52                             FA76     FA76       7A     7D3B       0
                text51                             F5C6     F5C6       18     7AE3       0
                text50                             F708     F708       2C     7B84       0
                text49                             F734     F734       2C     7B9A       0
                text48                             F760     F760       2C     7BB0       0
                text47                             F78C     F78C       2C     7BC6       0
                text46                             F81E     F81E       40     7C0F       0
                text45                             F4BA     F4BA        4     7A5D       0
                text44                             F4BE     F4BE        4     7A5F       0
                text43                             F4C2     F4C2        4     7A61       0
                text42                             F4CE     F4CE        6     7A67       0
                text41                             F4C6     F4C6        4     7A63       0
                text40                             F4D4     F4D4        6     7A6A       0
                text39                             F4DA     F4DA        8     7A6D       0
                text38                             F59E     F59E       14     7ACF       0
                text37                             F4CA     F4CA        4     7A65       0
                text36                             FAF0     FAF0       7A     7D78       0
                text35                             F522     F522        A     7A91       0
                text34                             F540     F540        E     7AA0       0
                text33                             F54E     F54E        E     7AA7       0
                text32                             FD38     FD38       BE     7E9C       0
                text31                             FC94     FC94       A4     7E4A       0
                text30                             F52C     F52C        A     7A96       0
                text29                             F4E2     F4E2        8     7A71       0
                text28                             F4EA     F4EA        8     7A75       0
                text27                             F4F2     F4F2        8     7A79       0
                text26                             F4FA     F4FA        8     7A7D       0
                text25                             F502     F502        8     7A81       0
                text24                             F50A     F50A        8     7A85       0
                text23                             F512     F512        8     7A89       0
                text22                             F536     F536        A     7A9B       0
                text21                             F93A     F93A       64     7C9D       0
                text20                             F99E     F99E       68     7CCF       0
                text19                             F56A     F56A       10     7AB5       0
                text18                             F5F6     F5F6       1C     7AFB       0
                text17                             F89E     F89E       42     7C4F       0
                text16                             F51A     F51A        8     7A8D       0
                text15                             F650     F650       22     7B28       0
                text14                             FB6A     FB6A       8C     7DB5       0
                text13                             F5DE     F5DE       18     7AEF       0
                text12                             F8E0     F8E0       5A     7C70       0
                text11                             F672     F672       22     7B39       0
                text10                             F7B8     F7B8       2C     7BDC       0
                text9                              F694     F694       22     7B4A       0
                text8                              FBF6     FBF6       9E     7DFB       0
                text7                              F612     F612       1C     7B09       0
                text6                              FA06     FA06       70     7D03       0
                text5                              F7E4     F7E4       3A     7BF2       0
                text4                              F5B2     F5B2       14     7AD9       0
                text3                              F57A     F57A       12     7ABD       0
                text2                              F6B6     F6B6       28     7B5B       0
                text1                              F55C     F55C        E     7AAE       0
                text0                              F85E     F85E       40     7C2F       0
                cstackCOMRAM                         2C       2C       22        1       1
                bssCOMRAM                             1        1       2B        1       1
                cinit                              F58C     F58C       12     7AC6       0

TOTAL           Name                               Link     Load   Length     Space
        CLASS   STACK          

        CLASS   CODE           
                init                                  0        0        4         0
                text60                             F4A2     F4A2        4         0
                text59                             F4A6     F4A6        4         0
                text58                             F4AA     F4AA        4         0
                text57                             F6DE     F6DE       2A         0
                text56                             F4AE     F4AE        4         0
                text55                             F4B2     F4B2        4         0
                text54                             F4B6     F4B6        4         0
                text53                             F62E     F62E       22         0
                text52                             FA76     FA76       7A         0
                text51                             F5C6     F5C6       18         0
                text50                             F708     F708       2C         0
                text49                             F734     F734       2C         0
                text48                             F760     F760       2C         0
                text47                             F78C     F78C       2C         0
                text46                             F81E     F81E       40         0
                text45                             F4BA     F4BA        4         0
                text44                             F4BE     F4BE        4         0
                text43                             F4C2     F4C2        4         0
                text42                             F4CE     F4CE        6         0
                text41                             F4C6     F4C6        4         0
                text40                             F4D4     F4D4        6         0
                text39                             F4DA     F4DA        8         0
                text38                             F59E     F59E       14         0
                text37                             F4CA     F4CA        4         0
                text36                             FAF0     FAF0       7A         0
                text35                             F522     F522        A         0
                text34                             F540     F540        E         0
                text33                             F54E     F54E        E         0
                text32                             FD38     FD38       BE         0
                text31                             FC94     FC94       A4         0
                text30                             F52C     F52C        A         0
                text29                             F4E2     F4E2        8         0
                text28                             F4EA     F4EA        8         0
                text27                             F4F2     F4F2        8         0
                text26                             F4FA     F4FA        8         0
                text25                             F502     F502        8         0
                text24                             F50A     F50A        8         0
                text23                             F512     F512        8         0
                text22                             F536     F536        A         0
                text21                             F93A     F93A       64         0
                text20                             F99E     F99E       68         0
                text19                             F56A     F56A       10         0
                text18                             F5F6     F5F6       1C         0
                text17                             F89E     F89E       42         0
                text16                             F51A     F51A        8         0
                text15                             F650     F650       22         0
                text14                             FB6A     FB6A       8C         0
                text13                             F5DE     F5DE       18         0
                text12                             F8E0     F8E0       5A         0
                text11                             F672     F672       22         0
                text10                             F7B8     F7B8       2C         0
                text9                              F694     F694       22         0
                text8                              FBF6     FBF6       9E         0
                text7                              F612     F612       1C         0
                text6                              FA06     FA06       70         0
                text5                              F7E4     F7E4       3A         0
                text4                              F5B2     F5B2       14         0
                text3                              F57A     F57A       12         0
                text2                              F6B6     F6B6       28         0
                text1                              F55C     F55C        E         0
                text0                              F85E     F85E       40         0
                cinit                              F58C     F58C       12         0

        CLASS   CONST          

        CLASS   SMALLCONST     

        CLASS   MEDIUMCONST    
                mediumconst                        FDF6     FDF6      20A         0

        CLASS   COMRAM         
                cstackCOMRAM                         2C       2C       22         1
                bssCOMRAM                             1        1       2B         1

        CLASS   ABS1           

        CLASS   BIGRAM         

        CLASS   RAM            

        CLASS   BANK0          

        CLASS   BANK1          

        CLASS   BANK2          

        CLASS   BANK3          

        CLASS   BANK4          

        CLASS   BANK5          

        CLASS   BANK6          

        CLASS   BANK7          

        CLASS   BANK8          

        CLASS   BANK9          

        CLASS   BANK10         

        CLASS   BANK11         

        CLASS   BANK12         

        CLASS   BANK13         

        CLASS   BANK14         

        CLASS   SFR            

        CLASS   CONFIG         
                config                           300000   300000        E         4

        CLASS   IDLOC          
                idloc                            200000   200000        8         5

        CLASS   EEDATA         

        CLASS   FARRAM         



SEGMENTS        Name                           Load    Length   Top    Selector   Space  Class

                reset_vec                      000000  000004  000004         0       0  CODE    
                bssCOMRAM                      000001  00004D  00004E         1       1  COMRAM  
                text60                         00F4A2  000004  00F4A6      7A51       0  CODE    
                text59                         00F4A6  000004  00F4AA      7A53       0  CODE    
                text58                         00F4AA  000004  00F4AE      7A55       0  CODE    
                text56                         00F4AE  000004  00F4B2      7A57       0  CODE    
                text55                         00F4B2  000004  00F4B6      7A59       0  CODE    
                text54                         00F4B6  000004  00F4BA      7A5B       0  CODE    
                text45                         00F4BA  000004  00F4BE      7A5D       0  CODE    
                text44                         00F4BE  000004  00F4C2      7A5F       0  CODE    
                text43                         00F4C2  000004  00F4C6      7A61       0  CODE    
                text41                         00F4C6  000004  00F4CA      7A63       0  CODE    
                text37                         00F4CA  000004  00F4CE      7A65       0  CODE    
                text42                         00F4CE  000006  00F4D4      7A67       0  CODE    
                text40                         00F4D4  000006  00F4DA      7A6A       0  CODE    
                text39                         00F4DA  000008  00F4E2      7A6D       0  CODE    
                text29                         00F4E2  000008  00F4EA      7A71       0  CODE    
                text28                         00F4EA  000008  00F4F2      7A75       0  CODE    
                text27                         00F4F2  000008  00F4FA      7A79       0  CODE    
                text26                         00F4FA  000008  00F502      7A7D       0  CODE    
                text25                         00F502  000008  00F50A      7A81       0  CODE    
                text24                         00F50A  000008  00F512      7A85       0  CODE    
                text23                         00F512  000008  00F51A      7A89       0  CODE    
                text16                         00F51A  000008  00F522      7A8D       0  CODE    
                text35                         00F522  00000A  00F52C      7A91       0  CODE    
                text30                         00F52C  00000A  00F536      7A96       0  CODE    
                text22                         00F536  00000A  00F540      7A9B       0  CODE    
                text34                         00F540  00000E  00F54E      7AA0       0  CODE    
                text33                         00F54E  00000E  00F55C      7AA7       0  CODE    
                text1                          00F55C  00000E  00F56A      7AAE       0  CODE    
                text19                         00F56A  000010  00F57A      7AB5       0  CODE    
                text3                          00F57A  000012  00F58C      7ABD       0  CODE    
                cinit                          00F58C  000012  00F59E      7AC6       0  CODE    
                text38                         00F59E  000014  00F5B2      7ACF       0  CODE    
                text4                          00F5B2  000014  00F5C6      7AD9       0  CODE    
                text51                         00F5C6  000018  00F5DE      7AE3       0  CODE    
                text13                         00F5DE  000018  00F5F6      7AEF       0  CODE    
                text18                         00F5F6  00001C  00F612      7AFB       0  CODE    
                text7                          00F612  00001C  00F62E      7B09       0  CODE    
                text53                         00F62E  000022  00F650      7B17       0  CODE    
                text15                         00F650  000022  00F672      7B28       0  CODE    
                text11                         00F672  000022  00F694      7B39       0  CODE    
                text9                          00F694  000022  00F6B6      7B4A       0  CODE    
                text2                          00F6B6  000028  00F6DE      7B5B       0  CODE    
                text57                         00F6DE  00002A  00F708      7B6F       0  CODE    
                text50                         00F708  00002C  00F734      7B84       0  CODE    
                text49                         00F734  00002C  00F760      7B9A       0  CODE    
                text48                         00F760  00002C  00F78C      7BB0       0  CODE    
                text47                         00F78C  00002C  00F7B8      7BC6       0  CODE    
                text10                         00F7B8  00002C  00F7E4      7BDC       0  CODE    
                text5                          00F7E4  00003A  00F81E      7BF2       0  CODE    
                text46                         00F81E  000040  00F85E      7C0F       0  CODE    
                text0                          00F85E  000040  00F89E      7C2F       0  CODE    
                text17                         00F89E  000042  00F8E0      7C4F       0  CODE    
                text12                         00F8E0  00005A  00F93A      7C70       0  CODE    
                text21                         00F93A  000064  00F99E      7C9D       0  CODE    
                text20                         00F99E  000068  00FA06      7CCF       0  CODE    
                text6                          00FA06  000070  00FA76      7D03       0  CODE    
                text52                         00FA76  00007A  00FAF0      7D3B       0  CODE    
                text36                         00FAF0  00007A  00FB6A      7D78       0  CODE    
                text14                         00FB6A  00008C  00FBF6      7DB5       0  CODE    
                text8                          00FBF6  00009E  00FC94      7DFB       0  CODE    
                text31                         00FC94  0000A4  00FD38      7E4A       0  CODE    
                text32                         00FD38  0000BE  00FDF6      7E9C       0  CODE    
                mediumconst                    00FDF6  00020A  010000      7EFB       0  MEDIUMCO


UNUSED ADDRESS RANGES

        Name                Unused          Largest block    Delta
        BANK0            000060-0000FF               A0
        BANK1            000100-0001FF              100
        BANK10           000A00-000AFF              100
        BANK11           000B00-000BFF              100
        BANK12           000C00-000CFF              100
        BANK13           000D00-000DFF              100
        BANK14           000E00-000E40               41
        BANK2            000200-0002FF              100
        BANK3            000300-0003FF              100
        BANK4            000400-0004FF              100
        BANK5            000500-0005FF              100
        BANK6            000600-0006FF              100
        BANK7            000700-0007FF              100
        BANK8            000800-0008FF              100
        BANK9            000900-0009FF              100
        BIGRAM           00004E-000E40              DF3
        CODE             000004-00F4A1             F49E
        COMRAM           00004E-00005F               12
        CONST            000004-00F4A1             F49E
        EEDATA           F00000-F003FF              400
        MEDIUMCONST      000F00-00F4A1             E5A2
        RAM              000060-000E40              100
        SFR              000E41-000FFF               BF
        SMALLCONST       000F00-00F4A1              100
        STACK            000060-000E40              DE1

                                  Symbol Table

I2C_CallbackReturnReset@funPtr        cstackCOMRAM 000035
I2C_Close@returnValue                 cstackCOMRAM 00002C
I2C_MasterOperation@read              cstackCOMRAM 00003B
I2C_MasterOperation@returnValue       cstackCOMRAM 00003C
I2C_MasterSendTxData@data             cstackCOMRAM 00002C
I2C_Open@address                      cstackCOMRAM 00002C
I2C_Open@returnValue                  cstackCOMRAM 00002D
I2C_SetAddressNackCallback@cb         cstackCOMRAM 000031
I2C_SetAddressNackCallback@ptr        cstackCOMRAM 000033
I2C_SetBuffer@buffer                  cstackCOMRAM 00002C
I2C_SetBuffer@bufferSize              cstackCOMRAM 00002E
I2C_SetCallback@cb                    cstackCOMRAM 00002C
I2C_SetCallback@idx                   cstackCOMRAM 000030
I2C_SetCallback@ptr                   cstackCOMRAM 00002E
I2C_SetDataCompleteCallback@cb        cstackCOMRAM 000031
I2C_SetDataCompleteCallback@ptr       cstackCOMRAM 000033
I2C_WriteNBytes@address               cstackCOMRAM 000041
I2C_WriteNBytes@data                  cstackCOMRAM 00003D
I2C_WriteNBytes@len                   cstackCOMRAM 00003F
Oled_Clear@i                          cstackCOMRAM 000045
Oled_Command@command                  cstackCOMRAM 000042
Oled_Command@data_I2C                 cstackCOMRAM 000043
Oled_Data@data_I2C                    cstackCOMRAM 000043
Oled_Data@value                       cstackCOMRAM 000042
Oled_SelectPage@Result                cstackCOMRAM 000046
Oled_SelectPage@page_num              cstackCOMRAM 000045
Oled_WriteCharacter@character         cstackCOMRAM 000049
Oled_WriteCharacter@i                 cstackCOMRAM 00004A
Oled_WriteString@characters           cstackCOMRAM 00004C
_ANCON0                               (abs)        000F5D
_ANCON1                               (abs)        000F5C
_ASCII                                mediumconst  00FE17
_BAUDCON1                             (abs)        000FA7
_EEADR                                (abs)        000F74
_EEADRH                               (abs)        000F75
_EECON1bits                           (abs)        000F7F
_EECON2                               (abs)        000F7E
_EEDATA                               (abs)        000F73
_EUSART1_DefaultErrorHandler          (abs)        000000
_EUSART1_DefaultFramingErrorHandler   (abs)        000000
_EUSART1_DefaultOverrunErrorHandler   (abs)        000000
_EUSART1_ErrorHandler                 bssCOMRAM    000025
_EUSART1_FramingErrorHandler          bssCOMRAM    000029
_EUSART1_OverrunErrorHandler          bssCOMRAM    000027
_I2C_CallbackReturnReset              text44       00F4BE
_I2C_CallbackReturnStop               text45       00F4BA
_I2C_Close                            text57       00F6DE
_I2C_DO_ADDRESS_NACK                  text21       00F93A
_I2C_DO_IDLE                          text35       00F522
_I2C_DO_RCEN                          text30       00F52C
_I2C_DO_RESET                         text22       00F536
_I2C_DO_RX                            text31       00FC94
_I2C_DO_RX_ACK                        text25       00F502
_I2C_DO_RX_NACK_RESTART               text23       00F512
_I2C_DO_RX_NACK_STOP                  text24       00F50A
_I2C_DO_SEND_ADR_READ                 text34       00F540
_I2C_DO_SEND_ADR_WRITE                text33       00F54E
_I2C_DO_SEND_RESTART                  text27       00F4F2
_I2C_DO_SEND_RESTART_READ             text29       00F4E2
_I2C_DO_SEND_RESTART_WRITE            text28       00F4EA
_I2C_DO_SEND_STOP                     text26       00F4FA
_I2C_DO_TX                            text32       00FD38
_I2C_DO_TX_EMPTY                      text36       00FAF0
_I2C_Initialize                       text4        00F5B2
_I2C_MasterClearIrq                   text60       00F4A2
_I2C_MasterClose                      text59       00F4A6
_I2C_MasterDisableIrq                 text58       00F4AA
_I2C_MasterEnableRestart              text55       00F4B2
_I2C_MasterFsm                        text20       00F99E
_I2C_MasterGetRxData                  text41       00F4C6
_I2C_MasterIsNack                     text38       00F59E
_I2C_MasterOpen                       text15       00F650
_I2C_MasterOperation                  text17       00F89E
_I2C_MasterSendAck                    text40       00F4D4
_I2C_MasterSendNack                   text42       00F4CE
_I2C_MasterSendTxData                 text39       00F4DA
_I2C_MasterSetIrq                     text37       00F4CA
_I2C_MasterStart                      text56       00F4AE
_I2C_MasterStartRx                    text43       00F4C2
_I2C_MasterStop                       text54       00F4B6
_I2C_MasterWaitForEvent               text19       00F56A
_I2C_MasterWrite                      text16       00F51A
_I2C_Open                             text14       00FB6A
_I2C_Poller                           text18       00F5F6
_I2C_SetAddressNackCallback           text13       00F5DE
_I2C_SetBuffer                        text53       00F62E
_I2C_SetCallback                      text52       00FA76
_I2C_SetDataCompleteCallback          text51       00F5C6
_I2C_Status                           bssCOMRAM    000001
_I2C_WriteNBytes                      text12       00F8E0
_INTCON2bits                          (abs)        000FF1
_INTCONbits                           (abs)        000FF2
_LATA                                 (abs)        000F89
_LATB                                 (abs)        000F8A
_LATC                                 (abs)        000F8B
_OSCCON                               (abs)        000FD3
_OSCCON2                              (abs)        000FD2
_OSCILLATOR_Initialize                text3        00F57A
_OSCTUNE                              (abs)        000F9B
_Oled_Clear                           text10       00F7B8
_Oled_Command                         text9        00F694
_Oled_Data                            text11       00F672
_Oled_Init                            text8        00FBF6
_Oled_SelectPage                      text7        00F612
_Oled_WriteCharacter                  text6        00FA06
_Oled_WriteString                     text5        00F7E4
_PIE1bits                             (abs)        000F9D
_PIN_MANAGER_Initialize               text2        00F6B6
_PIR1bits                             (abs)        000F9E
_PIR2bits                             (abs)        000FA1
_PIR4bits                             (abs)        000FB7
_RCREG1                               (abs)        000FAE
_RCSTA1                               (abs)        000FAB
_RCSTA1bits                           (abs)        000FAB
_REFOCON                              (abs)        000F9A
_SPBRG1                               (abs)        000FAF
_SPBRGH1                              (abs)        000F7D
_SSPADD                               (abs)        000FC8
_SSPBUF                               (abs)        000FC9
_SSPCON1                              (abs)        000FC6
_SSPCON1bits                          (abs)        000FC6
_SSPCON2                              (abs)        000FC5
_SSPCON2bits                          (abs)        000FC5
_SSPSTAT                              (abs)        000FC7
_SSPSTATbits                          (abs)        000FC7
_SYSTEM_Initialize                    text1        00F55C
_TABLAT                               (abs)        000FF5
_TBLPTRH                              (abs)        000FF7
_TBLPTRL                              (abs)        000FF6
_TBLPTRU                              (abs)        000FF8
_TRISA                                (abs)        000F92
_TRISB                                (abs)        000F93
_TRISC                                (abs)        000F94
_TXREG1                               (abs)        000FAD
_TXSTA1                               (abs)        000FAC
_TXSTA1bits                           (abs)        000FAC
_WPUB                                 (abs)        000F5B
__HRAM                                (abs)        000000
__Habs1                               abs1         000000
__Hbank0                              bank0        000000
__Hbank1                              bank1        000000
__Hbank10                             bank10       000000
__Hbank11                             bank11       000000
__Hbank12                             bank12       000000
__Hbank13                             bank13       000000
__Hbank14                             bank14       000000
__Hbank2                              bank2        000000
__Hbank3                              bank3        000000
__Hbank4                              bank4        000000
__Hbank5                              bank5        000000
__Hbank6                              bank6        000000
__Hbank7                              bank7        000000
__Hbank8                              bank8        000000
__Hbank9                              bank9        000000
__Hbigbss                             bigbss       000000
__Hbigdata                            bigdata      000000
__Hbigram                             bigram       000000
__Hbss                                bss          000000
__HbssCOMRAM                          bssCOMRAM    000000
__Hcinit                              cinit        000000
__Hclrtext                            clrtext      000000
__Hcomram                             comram       000000
__Hconfig                             config       30000E
__Hconst                              const        000000
__HcstackCOMRAM                       cstackCOMRAM 000000
__Hdata                               data         000000
__Heeprom_data                        eeprom_data  000000
__Hfarbss                             farbss       000000
__Hfardata                            fardata      000000
__Hibigdata                           ibigdata     000000
__Hidata                              idata        000000
__Hidloc                              idloc        200008
__Hifardata                           ifardata     000000
__Hinit                               init         000004
__Hintcode                            intcode      000000
__Hintcode_body                       intcode_body 000000
__Hintcodelo                          intcodelo    000000
__Hintentry                           intentry     000000
__Hintret                             intret       000000
__Hintsave_regs                       intsave_regs 000000
__Hirdata                             irdata       000000
__Hmediumconst                        mediumconst  010000
__HnvFARRAM                           nvFARRAM     000000
__Hnvbit                              nvbit        000000
__Hnvrram                             nvrram       000000
__Hparam                              rparam       000000
__Hpowerup                            powerup      000000
__Hram                                ram          000000
__Hramtop                             ramtop       000F00
__Hrbit                               rbit         000000
__Hrbss                               rbss         000000
__Hrdata                              rdata        000000
__Hreset_vec                          reset_vec    000000
__Hrparam                             rparam       000000
__Hsfr                                sfr          000000
__Hsmallconst                         smallconst   000000
__Hspace_0                            (abs)        010000
__Hspace_1                            (abs)        00004E
__Hspace_2                            (abs)        000000
__Hspace_4                            (abs)        60000E
__Hstack                              stack        000000
__Hstruct                             struct       000000
__Htemp                               temp         000000
__Htext                               text         000000
__Htext0                              text0        000000
__Htext1                              text1        000000
__Htext10                             text10       000000
__Htext11                             text11       000000
__Htext12                             text12       000000
__Htext13                             text13       000000
__Htext14                             text14       000000
__Htext15                             text15       000000
__Htext16                             text16       000000
__Htext17                             text17       000000
__Htext18                             text18       000000
__Htext19                             text19       000000
__Htext2                              text2        000000
__Htext20                             text20       000000
__Htext21                             text21       000000
__Htext22                             text22       000000
__Htext23                             text23       000000
__Htext24                             text24       000000
__Htext25                             text25       000000
__Htext26                             text26       000000
__Htext27                             text27       000000
__Htext28                             text28       000000
__Htext29                             text29       000000
__Htext3                              text3        000000
__Htext30                             text30       000000
__Htext31                             text31       000000
__Htext32                             text32       000000
__Htext33                             text33       000000
__Htext34                             text34       000000
__Htext35                             text35       000000
__Htext36                             text36       000000
__Htext37                             text37       000000
__Htext38                             text38       000000
__Htext39                             text39       000000
__Htext4                              text4        000000
__Htext40                             text40       000000
__Htext41                             text41       000000
__Htext42                             text42       000000
__Htext43                             text43       000000
__Htext44                             text44       000000
__Htext45                             text45       000000
__Htext46                             text46       000000
__Htext47                             text47       000000
__Htext48                             text48       000000
__Htext49                             text49       000000
__Htext5                              text5        000000
__Htext50                             text50       000000
__Htext51                             text51       000000
__Htext52                             text52       000000
__Htext53                             text53       000000
__Htext54                             text54       000000
__Htext55                             text55       000000
__Htext56                             text56       000000
__Htext57                             text57       000000
__Htext58                             text58       000000
__Htext59                             text59       000000
__Htext6                              text6        000000
__Htext60                             text60       000000
__Htext61                             text61       000000
__Htext7                              text7        000000
__Htext8                              text8        000000
__Htext9                              text9        000000
__LRAM                                (abs)        000001
__Labs1                               abs1         000000
__Lbank0                              bank0        000000
__Lbank1                              bank1        000000
__Lbank10                             bank10       000000
__Lbank11                             bank11       000000
__Lbank12                             bank12       000000
__Lbank13                             bank13       000000
__Lbank14                             bank14       000000
__Lbank2                              bank2        000000
__Lbank3                              bank3        000000
__Lbank4                              bank4        000000
__Lbank5                              bank5        000000
__Lbank6                              bank6        000000
__Lbank7                              bank7        000000
__Lbank8                              bank8        000000
__Lbank9                              bank9        000000
__Lbigbss                             bigbss       000000
__Lbigdata                            bigdata      000000
__Lbigram                             bigram       000000
__Lbss                                bss          000000
__LbssCOMRAM                          bssCOMRAM    000000
__Lcinit                              cinit        000000
__Lclrtext                            clrtext      000000
__Lcomram                             comram       000000
__Lconfig                             config       000000
__Lconst                              const        000000
__LcstackCOMRAM                       cstackCOMRAM 000000
__Ldata                               data         000000
__Leeprom_data                        eeprom_data  000000
__Lfarbss                             farbss       000000
__Lfardata                            fardata      000000
__Libigdata                           ibigdata     000000
__Lidata                              idata        000000
__Lidloc                              idloc        000000
__Lifardata                           ifardata     000000
__Linit                               init         000000
__Lintcode                            intcode      000000
__Lintcode_body                       intcode_body 000000
__Lintcodelo                          intcodelo    000000
__Lintentry                           intentry     000000
__Lintret                             intret       000000
__Lintsave_regs                       intsave_regs 000000
__Lirdata                             irdata       000000
__Lmediumconst                        mediumconst  00FDF6
__LnvFARRAM                           nvFARRAM     000000
__Lnvbit                              nvbit        000000
__Lnvrram                             nvrram       000000
__Lparam                              rparam       000000
__Lpowerup                            powerup      000000
__Lram                                ram          000000
__Lramtop                             ramtop       000F00
__Lrbit                               rbit         000000
__Lrbss                               rbss         000000
__Lrdata                              rdata        000000
__Lreset_vec                          reset_vec    000000
__Lrparam                             rparam       000000
__Lsfr                                sfr          000000
__Lsmallconst                         smallconst   000000
__Lspace_0                            (abs)        000000
__Lspace_1                            (abs)        000000
__Lspace_2                            (abs)        000000
__Lspace_4                            (abs)        000000
__Lstack                              stack        000000
__Lstruct                             struct       000000
__Ltemp                               temp         000000
__Ltext                               text         000000
__Ltext0                              text0        000000
__Ltext1                              text1        000000
__Ltext10                             text10       000000
__Ltext11                             text11       000000
__Ltext12                             text12       000000
__Ltext13                             text13       000000
__Ltext14                             text14       000000
__Ltext15                             text15       000000
__Ltext16                             text16       000000
__Ltext17                             text17       000000
__Ltext18                             text18       000000
__Ltext19                             text19       000000
__Ltext2                              text2        000000
__Ltext20                             text20       000000
__Ltext21                             text21       000000
__Ltext22                             text22       000000
__Ltext23                             text23       000000
__Ltext24                             text24       000000
__Ltext25                             text25       000000
__Ltext26                             text26       000000
__Ltext27                             text27       000000
__Ltext28                             text28       000000
__Ltext29                             text29       000000
__Ltext3                              text3        000000
__Ltext30                             text30       000000
__Ltext31                             text31       000000
__Ltext32                             text32       000000
__Ltext33                             text33       000000
__Ltext34                             text34       000000
__Ltext35                             text35       000000
__Ltext36                             text36       000000
__Ltext37                             text37       000000
__Ltext38                             text38       000000
__Ltext39                             text39       000000
__Ltext4                              text4        000000
__Ltext40                             text40       000000
__Ltext41                             text41       000000
__Ltext42                             text42       000000
__Ltext43                             text43       000000
__Ltext44                             text44       000000
__Ltext45                             text45       000000
__Ltext46                             text46       000000
__Ltext47                             text47       000000
__Ltext48                             text48       000000
__Ltext49                             text49       000000
__Ltext5                              text5        000000
__Ltext50                             text50       000000
__Ltext51                             text51       000000
__Ltext52                             text52       000000
__Ltext53                             text53       000000
__Ltext54                             text54       000000
__Ltext55                             text55       000000
__Ltext56                             text56       000000
__Ltext57                             text57       000000
__Ltext58                             text58       000000
__Ltext59                             text59       000000
__Ltext6                              text6        000000
__Ltext60                             text60       000000
__Ltext61                             text61       000000
__Ltext7                              text7        000000
__Ltext8                              text8        000000
__Ltext9                              text9        000000
__S0                                  (abs)        010000
__S1                                  (abs)        00004E
__S2                                  (abs)        000000
__S4                                  (abs)        000000
__S5                                  (abs)        000000
___inthi_sp                           stack        000000
___intlo_sp                           stack        000000
___param_bank                         (abs)        000000
___rparam_used                        (abs)        000001
___sp                                 stack        000000
__accesstop                           (abs)        000060
__activetblptr                        (abs)        000003
__end_of_ASCII                        mediumconst  00FFF7
__end_of_I2C_CallbackReturnReset      text44       00F4C2
__end_of_I2C_CallbackReturnStop       text45       00F4BE
__end_of_I2C_Close                    text57       00F708
__end_of_I2C_DO_ADDRESS_NACK          text21       00F99E
__end_of_I2C_DO_IDLE                  text35       00F52C
__end_of_I2C_DO_RCEN                  text30       00F536
__end_of_I2C_DO_RESET                 text22       00F540
__end_of_I2C_DO_RX                    text31       00FD38
__end_of_I2C_DO_RX_ACK                text25       00F50A
__end_of_I2C_DO_RX_NACK_RESTART       text23       00F51A
__end_of_I2C_DO_RX_NACK_STOP          text24       00F512
__end_of_I2C_DO_SEND_ADR_READ         text34       00F54E
__end_of_I2C_DO_SEND_ADR_WRITE        text33       00F55C
__end_of_I2C_DO_SEND_RESTART          text27       00F4FA
__end_of_I2C_DO_SEND_RESTART_READ     text29       00F4EA
__end_of_I2C_DO_SEND_RESTART_WRITE    text28       00F4F2
__end_of_I2C_DO_SEND_STOP             text26       00F502
__end_of_I2C_DO_TX                    text32       00FDF6
__end_of_I2C_DO_TX_EMPTY              text36       00FB6A
__end_of_I2C_Initialize               text4        00F5C6
__end_of_I2C_MasterClearIrq           text60       00F4A6
__end_of_I2C_MasterClose              text59       00F4AA
__end_of_I2C_MasterDisableIrq         text58       00F4AE
__end_of_I2C_MasterEnableRestart      text55       00F4B6
__end_of_I2C_MasterFsm                text20       00FA06
__end_of_I2C_MasterGetRxData          text41       00F4CA
__end_of_I2C_MasterIsNack             text38       00F5B2
__end_of_I2C_MasterOpen               text15       00F672
__end_of_I2C_MasterOperation          text17       00F8E0
__end_of_I2C_MasterSendAck            text40       00F4DA
__end_of_I2C_MasterSendNack           text42       00F4D4
__end_of_I2C_MasterSendTxData         text39       00F4E2
__end_of_I2C_MasterSetIrq             text37       00F4CE
__end_of_I2C_MasterStart              text56       00F4B2
__end_of_I2C_MasterStartRx            text43       00F4C6
__end_of_I2C_MasterStop               text54       00F4BA
__end_of_I2C_MasterWaitForEvent       text19       00F57A
__end_of_I2C_MasterWrite              text16       00F522
__end_of_I2C_Open                     text14       00FBF6
__end_of_I2C_Poller                   text18       00F612
__end_of_I2C_SetAddressNackCallback   text13       00F5F6
__end_of_I2C_SetBuffer                text53       00F650
__end_of_I2C_SetCallback              text52       00FAF0
__end_of_I2C_SetDataCompleteCallback  text51       00F5DE
__end_of_I2C_WriteNBytes              text12       00F93A
__end_of_OSCILLATOR_Initialize        text3        00F58C
__end_of_Oled_Clear                   text10       00F7E4
__end_of_Oled_Command                 text9        00F6B6
__end_of_Oled_Data                    text11       00F694
__end_of_Oled_Init                    text8        00FC94
__end_of_Oled_SelectPage              text7        00F62E
__end_of_Oled_WriteCharacter          text6        00FA76
__end_of_Oled_WriteString             text5        00F81E
__end_of_PIN_MANAGER_Initialize       text2        00F6DE
__end_of_SYSTEM_Initialize            text1        00F56A
__end_of__initialization              cinit        00F598
__end_of_i2c_fsmStateTable            mediumconst  00FE17
__end_of_main                         text0        00F89E
__end_of_rd1RegCompleteHandler        text49       00F760
__end_of_rd2RegCompleteHandler        text48       00F78C
__end_of_rdBlkRegCompleteHandler      text46       00F85E
__end_of_wr1RegCompleteHandler        text47       00F7B8
__end_of_wr2RegCompleteHandler        text50       00F734
__initialization                      cinit        00F58C
__mediumconst                         mediumconst  00FDF6
__pbssCOMRAM                          bssCOMRAM    000001
__pcinit                              cinit        00F58C
__pcstackCOMRAM                       cstackCOMRAM 00002C
__pmediumconst                        mediumconst  00FDF6
__ptext0                              text0        00F85E
__ptext1                              text1        00F55C
__ptext10                             text10       00F7B8
__ptext11                             text11       00F672
__ptext12                             text12       00F8E0
__ptext13                             text13       00F5DE
__ptext14                             text14       00FB6A
__ptext15                             text15       00F650
__ptext16                             text16       00F51A
__ptext17                             text17       00F89E
__ptext18                             text18       00F5F6
__ptext19                             text19       00F56A
__ptext2                              text2        00F6B6
__ptext20                             text20       00F99E
__ptext21                             text21       00F93A
__ptext22                             text22       00F536
__ptext23                             text23       00F512
__ptext24                             text24       00F50A
__ptext25                             text25       00F502
__ptext26                             text26       00F4FA
__ptext27                             text27       00F4F2
__ptext28                             text28       00F4EA
__ptext29                             text29       00F4E2
__ptext3                              text3        00F57A
__ptext30                             text30       00F52C
__ptext31                             text31       00FC94
__ptext32                             text32       00FD38
__ptext33                             text33       00F54E
__ptext34                             text34       00F540
__ptext35                             text35       00F522
__ptext36                             text36       00FAF0
__ptext37                             text37       00F4CA
__ptext38                             text38       00F59E
__ptext39                             text39       00F4DA
__ptext4                              text4        00F5B2
__ptext40                             text40       00F4D4
__ptext41                             text41       00F4C6
__ptext42                             text42       00F4CE
__ptext43                             text43       00F4C2
__ptext44                             text44       00F4BE
__ptext45                             text45       00F4BA
__ptext46                             text46       00F81E
__ptext47                             text47       00F78C
__ptext48                             text48       00F760
__ptext49                             text49       00F734
__ptext5                              text5        00F7E4
__ptext50                             text50       00F708
__ptext51                             text51       00F5C6
__ptext52                             text52       00FA76
__ptext53                             text53       00F62E
__ptext54                             text54       00F4B6
__ptext55                             text55       00F4B2
__ptext56                             text56       00F4AE
__ptext57                             text57       00F6DE
__ptext58                             text58       00F4AA
__ptext59                             text59       00F4A6
__ptext6                              text6        00FA06
__ptext60                             text60       00F4A2
__ptext61                             text61       000000
__ptext7                              text7        00F612
__ptext8                              text8        00FBF6
__ptext9                              text9        00F694
__ramtop                              ramtop       000F00
__size_of_I2C_CallbackReturnReset     (abs)        000000
__size_of_I2C_CallbackReturnStop      (abs)        000000
__size_of_I2C_Close                   (abs)        000000
__size_of_I2C_DO_ADDRESS_NACK         (abs)        000000
__size_of_I2C_DO_IDLE                 (abs)        000000
__size_of_I2C_DO_RCEN                 (abs)        000000
__size_of_I2C_DO_RESET                (abs)        000000
__size_of_I2C_DO_RX                   (abs)        000000
__size_of_I2C_DO_RX_ACK               (abs)        000000
__size_of_I2C_DO_RX_NACK_RESTART      (abs)        000000
__size_of_I2C_DO_RX_NACK_STOP         (abs)        000000
__size_of_I2C_DO_SEND_ADR_READ        (abs)        000000
__size_of_I2C_DO_SEND_ADR_WRITE       (abs)        000000
__size_of_I2C_DO_SEND_RESTART         (abs)        000000
__size_of_I2C_DO_SEND_RESTART_READ    (abs)        000000
__size_of_I2C_DO_SEND_RESTART_WRITE   (abs)        000000
__size_of_I2C_DO_SEND_STOP            (abs)        000000
__size_of_I2C_DO_TX                   (abs)        000000
__size_of_I2C_DO_TX_EMPTY             (abs)        000000
__size_of_I2C_Initialize              (abs)        000000
__size_of_I2C_MasterClearIrq          (abs)        000000
__size_of_I2C_MasterClose             (abs)        000000
__size_of_I2C_MasterDisableIrq        (abs)        000000
__size_of_I2C_MasterEnableRestart     (abs)        000000
__size_of_I2C_MasterFsm               (abs)        000000
__size_of_I2C_MasterGetRxData         (abs)        000000
__size_of_I2C_MasterIsNack            (abs)        000000
__size_of_I2C_MasterOpen              (abs)        000000
__size_of_I2C_MasterOperation         (abs)        000000
__size_of_I2C_MasterSendAck           (abs)        000000
__size_of_I2C_MasterSendNack          (abs)        000000
__size_of_I2C_MasterSendTxData        (abs)        000000
__size_of_I2C_MasterSetIrq            (abs)        000000
__size_of_I2C_MasterStart             (abs)        000000
__size_of_I2C_MasterStartRx           (abs)        000000
__size_of_I2C_MasterStop              (abs)        000000
__size_of_I2C_MasterWaitForEvent      (abs)        000000
__size_of_I2C_MasterWrite             (abs)        000000
__size_of_I2C_Open                    (abs)        000000
__size_of_I2C_Poller                  (abs)        000000
__size_of_I2C_SetAddressNackCallback  (abs)        000000
__size_of_I2C_SetBuffer               (abs)        000000
__size_of_I2C_SetCallback             (abs)        000000
__size_of_I2C_SetDataCompleteCallback (abs)        000000
__size_of_I2C_WriteNBytes             (abs)        000000
__size_of_OSCILLATOR_Initialize       (abs)        000000
__size_of_Oled_Clear                  (abs)        000000
__size_of_Oled_Command                (abs)        000000
__size_of_Oled_Data                   (abs)        000000
__size_of_Oled_Init                   (abs)        000000
__size_of_Oled_SelectPage             (abs)        000000
__size_of_Oled_WriteCharacter         (abs)        000000
__size_of_Oled_WriteString            (abs)        000000
__size_of_PIN_MANAGER_Initialize      (abs)        000000
__size_of_SYSTEM_Initialize           (abs)        000000
__size_of_main                        (abs)        000000
__size_of_rd1RegCompleteHandler       (abs)        000000
__size_of_rd2RegCompleteHandler       (abs)        000000
__size_of_rdBlkRegCompleteHandler     (abs)        000000
__size_of_wr1RegCompleteHandler       (abs)        000000
__size_of_wr2RegCompleteHandler       (abs)        000000
__smallconst                          smallconst   000000
_eusart1RxLastError                   bssCOMRAM    00002B
_i2c_fsmStateTable                    mediumconst  00FDF7
_main                                 text0        00F85E
_rd1RegCompleteHandler                text49       00F734
_rd2RegCompleteHandler                text48       00F760
_rdBlkRegCompleteHandler              text46       00F81E
_wr1RegCompleteHandler                text47       00F78C
_wr2RegCompleteHandler                text50       00F708
end_of_initialization                 cinit        00F598
intlevel0                             text         000000
intlevel1                             text         000000
intlevel2                             text         000000
intlevel3                             text         000000
isa$std                               (abs)        000001
isa$xinst                             (abs)        000000
rd1RegCompleteHandler@ptr             cstackCOMRAM 000035
rd2RegCompleteHandler@ptr             cstackCOMRAM 000035
rdBlkRegCompleteHandler@ptr           cstackCOMRAM 000035
stackhi                               (abs)        000E40
stacklo                               (abs)        000060
start                                 init         000000
start_initialization                  cinit        00F58C
wr1RegCompleteHandler@ptr             cstackCOMRAM 000035
wr2RegCompleteHandler@ptr             cstackCOMRAM 000035


MODULE INFORMATION

Module		Function		Class		Link	Load	Size
mcc_generated_files/examples/i2c_master_example.c
		_wr1RegCompleteHandler		CODE           	F78C	0000	44
		_wr2RegCompleteHandler		CODE           	F708	0000	44
		_rdBlkRegCompleteHandler		CODE           	F81E	0000	64
		_rd1RegCompleteHandler		CODE           	F734	0000	44
		_rd2RegCompleteHandler		CODE           	F760	0000	44
		_I2C_WriteNBytes		CODE           	F8E0	0000	90

mcc_generated_files/examples/i2c_master_example.c estimated size: 330

mcc_generated_files/pin_manager.c
		_PIN_MANAGER_Initialize		CODE           	F6B6	0000	40

mcc_generated_files/pin_manager.c estimated size: 40

shared
		_ASCII         		MEDIUMCONST    	FE17	0000	480
		__initialization		CODE           	F58C	0000	12
		_i2c_fsmStateTable		MEDIUMCONST    	FDF7	0000	32

shared estimated size: 524

mcc_generated_files/mcc.c
		_OSCILLATOR_Initialize		CODE           	F57A	0000	18
		_SYSTEM_Initialize		CODE           	F55C	0000	14

mcc_generated_files/mcc.c estimated size: 32

OLED.c
		_Oled_WriteString		CODE           	F7E4	0000	58
		_Oled_SelectPage		CODE           	F612	0000	28
		_Oled_WriteCharacter		CODE           	FA06	0000	112
		_Oled_Init     		CODE           	FBF6	0000	158
		_Oled_Data     		CODE           	F672	0000	34
		_Oled_Clear    		CODE           	F7B8	0000	44
		_Oled_Command  		CODE           	F694	0000	34

OLED.c estimated size: 468

mcc_generated_files/i2c_master.c
		_I2C_Close     		CODE           	F6DE	0000	42
		_I2C_MasterStartRx		CODE           	F4C2	0000	4
		_I2C_DO_SEND_ADR_WRITE		CODE           	F54E	0000	14
		_I2C_MasterWaitForEvent		CODE           	F56A	0000	16
		_I2C_DO_SEND_STOP		CODE           	F4FA	0000	8
		_I2C_MasterSendNack		CODE           	F4CE	0000	6
		_I2C_MasterDisableIrq		CODE           	F4AA	0000	4
		_I2C_CallbackReturnStop		CODE           	F4BA	0000	4
		_I2C_MasterOperation		CODE           	F89E	0000	66
		_I2C_DO_SEND_ADR_READ		CODE           	F540	0000	14
		_I2C_DO_RX_NACK_STOP		CODE           	F50A	0000	8
		_I2C_DO_SEND_RESTART		CODE           	F4F2	0000	8
		_I2C_DO_RX     		CODE           	FC94	0000	164
		_I2C_DO_TX     		CODE           	FD38	0000	190
		_I2C_DO_IDLE   		CODE           	F522	0000	10
		_I2C_DO_RCEN   		CODE           	F52C	0000	10
		_I2C_Poller    		CODE           	F5F6	0000	28
		_I2C_DO_RESET  		CODE           	F536	0000	10
		_I2C_MasterClose		CODE           	F4A6	0000	4
		_I2C_MasterWrite		CODE           	F51A	0000	8
		_I2C_DO_RX_ACK 		CODE           	F502	0000	8
		_I2C_MasterStart		CODE           	F4AE	0000	4
		_I2C_MasterClearIrq		CODE           	F4A2	0000	4
		_I2C_MasterGetRxData		CODE           	F4C6	0000	4
		_I2C_SetCallback		CODE           	FA76	0000	122
		_I2C_DO_ADDRESS_NACK		CODE           	F93A	0000	100
		_I2C_MasterEnableRestart		CODE           	F4B2	0000	4
		_I2C_CallbackReturnReset		CODE           	F4BE	0000	4
		_I2C_Open      		CODE           	FB6A	0000	140
		_I2C_SetAddressNackCallback		CODE           	F5DE	0000	24
		_I2C_DO_TX_EMPTY		CODE           	FAF0	0000	122
		_I2C_DO_SEND_RESTART_WRITE		CODE           	F4EA	0000	8
		_I2C_MasterIsNack		CODE           	F59E	0000	20
		_I2C_SetDataCompleteCallback		CODE           	F5C6	0000	24
		_I2C_DO_RX_NACK_RESTART		CODE           	F512	0000	8
		_I2C_MasterSendAck		CODE           	F4D4	0000	6
		_I2C_MasterFsm 		CODE           	F99E	0000	104
		_I2C_MasterSetIrq		CODE           	F4CA	0000	4
		_I2C_DO_SEND_RESTART_READ		CODE           	F4E2	0000	8
		_I2C_Initialize		CODE           	F5B2	0000	20
		_I2C_SetBuffer 		CODE           	F62E	0000	34
		_I2C_MasterOpen		CODE           	F650	0000	34
		_I2C_MasterSendTxData		CODE           	F4DA	0000	8
		_I2C_MasterStop		CODE           	F4B6	0000	4

mcc_generated_files/i2c_master.c estimated size: 1436

main.c
		_main          		CODE           	F85E	0000	64

main.c estimated size: 64

